// Jest Snapshot v1, https://goo.gl/fbAQLP

exports[`<Accordion /> renders the <Accordion /> with populated data 1`] = `
<div
  class="StyledAccordion__Container-k9hf5e-0 jwBtHb"
>
  <div
    class="StyledAccordion__Inner-k9hf5e-1 eWaySA"
  >
    <h1
      class="StyledAccordion__Title-k9hf5e-4 kexgbE"
    >
      Frequently Asked Questions
    </h1>
    <div
      class="StyledAccordion__Item-k9hf5e-2 dDQIVC"
    >
      <div
        class="StyledAccordion__Header-k9hf5e-3 eZdqKN"
      >
        What is Netflix?
        <img
          alt="Open"
          src="/assets/icons/add.png"
        />
      </div>
      <div
        class="StyledAccordion__Body-k9hf5e-5 kNvpUT"
        data-testid="faq"
        style="max-height: 0px;"
      >
        <span
          class="StyledAccordion__Span-k9hf5e-6 bryPYv"
        >
          Netflix is a streaming service that offers a wide variety of award-winning TV programmes, films, anime, documentaries and more – on thousands of internet-connected devices.

You can watch as much as you want, whenever you want, without a single advert – all for one low monthly price. There's always something new to discover, and new TV programmes and films are added every week!
        </span>
      </div>
    </div>
    <div
      class="StyledAccordion__Item-k9hf5e-2 dDQIVC"
    >
      <div
        class="StyledAccordion__Header-k9hf5e-3 eZdqKN"
      >
        How much does Netflix cost?
        <img
          alt="Open"
          src="/assets/icons/add.png"
        />
      </div>
      <div
        class="StyledAccordion__Body-k9hf5e-5 kNvpUT"
        data-testid="faq"
        style="max-height: 0px;"
      >
        <span
          class="StyledAccordion__Span-k9hf5e-6 bryPYv"
        >
          Watch Netflix on your smartphone, tablet, smart TV, laptop or streaming device, all for one low fixed monthly fee. Plans start from £5.99 a month. No extra costs or contracts.
        </span>
      </div>
    </div>
    <div
      class="StyledAccordion__Item-k9hf5e-2 dDQIVC"
    >
      <div
        class="StyledAccordion__Header-k9hf5e-3 eZdqKN"
      >
        Where can I watch?
        <img
          alt="Open"
          src="/assets/icons/add.png"
        />
      </div>
      <div
        class="StyledAccordion__Body-k9hf5e-5 kNvpUT"
        data-testid="faq"
        style="max-height: 0px;"
      >
        <span
          class="StyledAccordion__Span-k9hf5e-6 bryPYv"
        >
          Watch anywhere, anytime, on an unlimited number of devices. Sign in with your Netflix account to watch instantly on the web at netflix.com from your personal computer or on any internet-connected device that offers the Netflix app, including smart TVs, smartphones, tablets, streaming media players and game consoles.

You can also download your favorite programmes with the iOS, Android, or Windows 10 app. Use downloads to watch while you're on the go and without an internet connection. Take Netflix with you anywhere.
        </span>
      </div>
    </div>
    <div
      class="StyledAccordion__Item-k9hf5e-2 dDQIVC"
    >
      <div
        class="StyledAccordion__Header-k9hf5e-3 eZdqKN"
      >
        How do I cancel?
        <img
          alt="Open"
          src="/assets/icons/add.png"
        />
      </div>
      <div
        class="StyledAccordion__Body-k9hf5e-5 kNvpUT"
        data-testid="faq"
        style="max-height: 0px;"
      >
        <span
          class="StyledAccordion__Span-k9hf5e-6 bryPYv"
        >
          Netflix is flexible. There are no annoying contracts and no commitments. You can easily cancel your account online in two clicks. There are no cancellation fees – start or stop your account at any time.
        </span>
      </div>
    </div>
    <div
      class="StyledAccordion__Item-k9hf5e-2 dDQIVC"
    >
      <div
        class="StyledAccordion__Header-k9hf5e-3 eZdqKN"
      >
        What can I watch on Netflix?
        <img
          alt="Open"
          src="/assets/icons/add.png"
        />
      </div>
      <div
        class="StyledAccordion__Body-k9hf5e-5 kNvpUT"
        data-testid="faq"
        style="max-height: 0px;"
      >
        <span
          class="StyledAccordion__Span-k9hf5e-6 bryPYv"
        >
          Netflix has an extensive library of feature films, documentaries, TV programmes, anime, award-winning Netflix originals, and more. Watch as much as you want, any time you want.
        </span>
      </div>
    </div>
  </div>
</div>
`;
